[2026-04-28 19:29:27] ERROR: API Response Error: 404
[2026-04-28 19:30:52] ERROR: ========== TEST END: @ui Should delete a todo item - FAILED ==========
[2026-04-28 19:31:24] ERROR: ========== TEST END: @ui Should delete a todo item - FAILED ==========
[2026-04-28 19:31:56] ERROR: ========== TEST END: @ui Should delete a todo item - FAILED ==========
[2026-04-29 16:29:19] ERROR: ========== TEST END: @smoke @ui Should login successfully with valid credentials - FAILED ==========
[2026-04-29 16:29:21] ERROR: ========== TEST END: @ui Should display error message with invalid credentials - FAILED ==========
[2026-04-29 16:29:22] ERROR: ========== TEST END: @ui Should not login with empty credentials - FAILED ==========
[2026-04-29 16:29:23] ERROR: ========== TEST END: @ui Should navigate to forgot password page - FAILED ==========
[2026-04-29 16:29:25] ERROR: ========== TEST END: @ui Should remember user when remember me is checked - FAILED ==========
[2026-04-29 16:32:13] ERROR: API Response Error: 404
[2026-04-29 16:32:14] ERROR: API Network Error
[2026-04-29 16:32:14] ERROR: API Network Error
[2026-04-29 16:34:58] ERROR: API Network Error
[2026-04-29 16:34:59] ERROR: API Network Error
[2026-04-29 16:35:25] ERROR: API Response Error: 404
[2026-04-29 16:35:56] ERROR: API Response Error: 404
[2026-04-29 16:35:58] ERROR: API Response Error: 404
[2026-04-29 16:40:25] ERROR: API Response Error: 404
[2026-04-29 16:45:46] ERROR: API Response Error: 404
[2026-04-29 16:45:49] ERROR: API Response Error: 404
[2026-04-29 16:50:10] ERROR: API Response Error: 404
[2026-04-29 16:50:10] ERROR: API Response Error: 404
[2026-04-29 16:50:20] ERROR: API Response Error: 404
[2026-04-29 16:50:22] ERROR: API Response Error: 404
[2026-04-29 16:50:39] ERROR: API Response Error: 404
[2026-04-29 16:50:40] ERROR: API Response Error: 404
[2026-04-29 16:50:53] ERROR: API Response Error: 404
[2026-04-29 16:50:55] ERROR: API Response Error: 404
[2026-04-29 16:51:04] ERROR: API Response Error: 404
[2026-04-29 16:51:05] ERROR: API Response Error: 404
[2026-04-29 16:51:14] ERROR: API Response Error: 404
[2026-04-29 16:51:15] ERROR: API Response Error: 404
